// Jest Snapshot v1, https://goo.gl/fbAQLP

exports[`Account1 Snapshot test 1`] = `
<View
  style={
    Object {
      "alignContent": "center",
      "backgroundColor": "#413636",
      "flex": 1,
      "flexWrap": "wrap",
      "justifyContent": "center",
      "padding": 10,
      "paddingHorizontal": 15,
    }
  }
>
  <View
    accessible={true}
    collapsable={false}
    focusable={true}
    onClick={[Function]}
    onResponderGrant={[Function]}
    onResponderMove={[Function]}
    onResponderRelease={[Function]}
    onResponderTerminate={[Function]}
    onResponderTerminationRequest={[Function]}
    onStartShouldSetResponder={[Function]}
    style={
      Object {
        "backgroundColor": "#1c1515",
        "borderRadius": 10,
        "height": "30%",
        "margin": 7,
        "opacity": 1,
        "width": "100%",
      }
    }
    testID="upcoming"
  >
    <View
      accessibilityIgnoresInvertColors={true}
      style={
        Array [
          Object {
            "borderRadius": 10,
            "height": "100%",
            "opacity": 50,
            "width": "100%",
          },
        ]
      }
    >
      <Image
        source={
          Object {
            "uri": "https://images.unsplash.com/photo-1522202176988-66273c2fd55f?ixlib=rb-1.2.1&ixid=MnwxMjA3fDB8MHxwaG90by1wYWdlfHx8fGVufDB8fHx8&auto=format&fit=crop&w=1171&q=80",
          }
        }
        style={
          Array [
            Object {
              "bottom": 0,
              "left": 0,
              "position": "absolute",
              "right": 0,
              "top": 0,
            },
            Object {
              "height": "100%",
              "width": "100%",
            },
            Array [
              Object {
                "borderRadius": 10,
                "height": "100%",
                "opacity": 50,
                "width": "100%",
              },
            ],
          ]
        }
      />
      <Text
        style={
          Array [
            Object {
              "color": "#ffffff",
              "fontSize": 25,
              "paddingBottom": 10,
              "paddingTop": 10,
              "textAlign": "left",
            },
            Object {
              "fontWeight": "bold",
              "padding": 10,
            },
          ]
        }
      >
        Upcoming Bookings
      </Text>
    </View>
  </View>
  <View
    accessible={true}
    collapsable={false}
    focusable={true}
    onClick={[Function]}
    onResponderGrant={[Function]}
    onResponderMove={[Function]}
    onResponderRelease={[Function]}
    onResponderTerminate={[Function]}
    onResponderTerminationRequest={[Function]}
    onStartShouldSetResponder={[Function]}
    style={
      Object {
        "backgroundColor": "#1c1515",
        "borderRadius": 10,
        "height": "30%",
        "margin": 7,
        "opacity": 1,
        "width": "100%",
      }
    }
    testID="past"
  >
    <View
      accessibilityIgnoresInvertColors={true}
      style={
        Array [
          Object {
            "borderRadius": 10,
            "height": "100%",
            "opacity": 50,
            "width": "100%",
          },
        ]
      }
    >
      <Image
        source={
          Object {
            "uri": "https://images.unsplash.com/photo-1510531704581-5b2870972060?ixlib=rb-1.2.1&ixid=MnwxMjA3fDB8MHxwaG90by1wYWdlfHx8fGVufDB8fHx8&auto=format&fit=crop&w=1173&q=80",
          }
        }
        style={
          Array [
            Object {
              "bottom": 0,
              "left": 0,
              "position": "absolute",
              "right": 0,
              "top": 0,
            },
            Object {
              "height": "100%",
              "width": "100%",
            },
            Array [
              Object {
                "borderRadius": 10,
                "height": "100%",
                "opacity": 50,
                "width": "100%",
              },
            ],
          ]
        }
      />
      <Text
        style={
          Array [
            Object {
              "color": "#ffffff",
              "fontSize": 25,
              "paddingBottom": 10,
              "paddingTop": 10,
              "textAlign": "left",
            },
            Object {
              "fontWeight": "bold",
              "padding": 10,
            },
          ]
        }
      >
        Past Bookings
      </Text>
    </View>
  </View>
  <View
    accessible={true}
    collapsable={false}
    focusable={true}
    onClick={[Function]}
    onResponderGrant={[Function]}
    onResponderMove={[Function]}
    onResponderRelease={[Function]}
    onResponderTerminate={[Function]}
    onResponderTerminationRequest={[Function]}
    onStartShouldSetResponder={[Function]}
    style={
      Object {
        "backgroundColor": "#1c1515",
        "borderRadius": 10,
        "height": "30%",
        "margin": 7,
        "opacity": 1,
        "width": "100%",
      }
    }
    testID="favourites"
  >
    <View
      accessibilityIgnoresInvertColors={true}
      style={
        Array [
          Object {
            "borderRadius": 10,
            "height": "100%",
            "opacity": 50,
            "width": "100%",
          },
        ]
      }
    >
      <Image
        source={
          Object {
            "uri": "https://firebasestorage.googleapis.com/v0/b/gojim-1d589.appspot.com/o/USC_Olympic-pool-1-1024x706.jpg?alt=media&token=0be3f293-bb9e-4119-a16a-901201713612",
          }
        }
        style={
          Array [
            Object {
              "bottom": 0,
              "left": 0,
              "position": "absolute",
              "right": 0,
              "top": 0,
            },
            Object {
              "height": "100%",
              "width": "100%",
            },
            Array [
              Object {
                "borderRadius": 10,
                "height": "100%",
                "opacity": 50,
                "width": "100%",
              },
            ],
          ]
        }
      />
      <Text
        style={
          Array [
            Object {
              "color": "#ffffff",
              "fontSize": 25,
              "paddingBottom": 10,
              "paddingTop": 10,
              "textAlign": "left",
            },
            Object {
              "fontWeight": "bold",
              "padding": 10,
            },
          ]
        }
      >
        Favourite Facilities
      </Text>
    </View>
  </View>
</View>
`;
